// Jest Snapshot v1, https://goo.gl/fbAQLP

exports[`<AddRestaurant /> with no props should render initial layout 1`] = `
Array [
  <React.Fragment>
    <WithStyles(CssBaseline) />
    <main
      className="makeStyles-layout-1"
    >
      <WithStyles(ForwardRef(Paper))
        className="makeStyles-paper-2"
      >
        <WithStyles(ForwardRef(Typography))
          align="center"
          component="h1"
          variant="h4"
        >
          Add Restaurant
        </WithStyles(ForwardRef(Typography))>
        <React.Fragment>
          <form>
            <React.Fragment>
              <WithStyles(ForwardRef(Grid))
                container={true}
                spacing={3}
              >
                <WithStyles(ForwardRef(Grid))
                  item={true}
                  xs={12}
                >
                  <WithStyles(ForwardRef(TextField))
                    autoComplete="store-name"
                    fullWidth={true}
                    id="storeName"
                    label="Restaurant Name"
                    name="name"
                    onChange={[Function]}
                    required={true}
                  />
                </WithStyles(ForwardRef(Grid))>
                <WithStyles(ForwardRef(Grid))
                  item={true}
                  xs={12}
                >
                  <WithStyles(ForwardRef(TextField))
                    fullWidth={true}
                    id="address1"
                    label="Address line 1"
                    name="lineOne"
                    onChange={[Function]}
                    required={true}
                    value=""
                  />
                </WithStyles(ForwardRef(Grid))>
                <WithStyles(ForwardRef(Grid))
                  item={true}
                  xs={12}
                >
                  <WithStyles(ForwardRef(TextField))
                    fullWidth={true}
                    id="address2"
                    label="Address line 2"
                    name="lineTwo"
                    onChange={[Function]}
                  />
                </WithStyles(ForwardRef(Grid))>
                <WithStyles(ForwardRef(Grid))
                  item={true}
                  sm={6}
                  xs={12}
                >
                  <WithStyles(ForwardRef(TextField))
                    fullWidth={true}
                    id="city"
                    label="City"
                    name="city"
                    onChange={[Function]}
                    required={true}
                  />
                </WithStyles(ForwardRef(Grid))>
                <WithStyles(ForwardRef(Grid))
                  item={true}
                  sm={6}
                  xs={12}
                >
                  <WithStyles(ForwardRef(TextField))
                    fullWidth={true}
                    id="state"
                    label="State"
                    name="state"
                    onChange={[Function]}
                    required={true}
                  />
                </WithStyles(ForwardRef(Grid))>
                <WithStyles(ForwardRef(Grid))
                  item={true}
                  sm={6}
                  xs={12}
                >
                  <WithStyles(ForwardRef(TextField))
                    fullWidth={true}
                    id="zip"
                    label="Zip code"
                    name="zip"
                    onChange={[Function]}
                    required={true}
                  />
                </WithStyles(ForwardRef(Grid))>
                <WithStyles(ForwardRef(Grid))
                  item={true}
                  sm={6}
                  xs={12}
                >
                  <WithStyles(ForwardRef(TextField))
                    disabled={true}
                    fullWidth={true}
                    id="country"
                    label="US"
                    name="country"
                  />
                </WithStyles(ForwardRef(Grid))>
                <WithStyles(ForwardRef(Grid))
                  item={true}
                  xs={12}
                >
                  <React.Fragment />
                </WithStyles(ForwardRef(Grid))>
              </WithStyles(ForwardRef(Grid))>
            </React.Fragment>
            <div
              className="makeStyles-buttons-3"
            >
              <WithStyles(ForwardRef(Button))
                className="makeStyles-button-4"
                color="primary"
                onClick={[Function]}
                variant="contained"
              >
                ADD
              </WithStyles(ForwardRef(Button))>
            </div>
          </form>
        </React.Fragment>
      </WithStyles(ForwardRef(Paper))>
    </main>
  </React.Fragment>,
]
`;
